// Jest Snapshot v1, https://goo.gl/fbAQLP

exports[`<Hello /> counter increases 1`] = `
<div>
  <button
    onClick={[Function]}
  >
    Click Me
  </button>
  <p>
    You've pressed the button 
    0
     times.
  </p>
</div>
`;

exports[`<Hello /> counter increases 2`] = `
<div>
  <button
    onClick={[Function]}
  >
    Click Me
  </button>
  <p>
    You've pressed the button 
    1
     times.
  </p>
</div>
`;
